[leihui2008.wixsite.com/tasteflow.html]
[static.parastorage.com/unpkg/core-js-bundle@3.2.1/minified.js]
[static.parastorage.com/unpkg/focus-within-polyfill@5.0.9/dist/focus-within-polyfill.js]
[backblue.gif]
[fade.gif]
[index.html]
[polyfill-fastly.io/v3/polyfill.mind82c.js]
[leihui2008.wixsite.com/tasteflow/about-us.html]
[leihui2008.wixsite.com/tasteflow/menu.html]
[leihui2008.wixsite.com/tasteflow/customer-support.html]
[leihui2008.wixsite.com/tasteflow/news-blog.html]
[static.wixstatic.com/media/d6be07_c8bb1ceff43c472d83aa095485f4ec2c_mv2.png/v1/fill/w_49,h_28,al_c,q_85,usm_0.66_1.00_0.01,blur_2,enc_avif,quality_auto/d6be07_c8bb1ceff43c472d83aa095485f4ec2c_mv2.png]
[leihui2008.wixsite.com/tasteflow/careers.html]
[static.wixstatic.com/media/11062b_d86a12c9f109497da61e9f9cb1d36970_mv2.jpg/v1/fill/w_270,h_111,al_c,q_80,usm_0.66_1.00_0.01,blur_2,enc_avif,quality_auto/11062b_d86a12c9f109497da61e9f9cb1d36970_mv2.jpg]
[static.wixstatic.com/media/c837a6_9acef8c60e2a440ca5eebc131e2af90a_mv2.png/v1/fill/w_194,h_190,al_c,q_85,usm_0.66_1.00_0.01,blur_3,enc_avif,quality_auto/Untitled-2-01 1.png]
[wixmp-19e700b7666f74a00729a0dd.wixmp.com/Instagram/Asian_Restaurant_(The_Noodle_Way)/01.jpg]
[wixmp-19e700b7666f74a00729a0dd.wixmp.com/Instagram/Asian_Restaurant_(The_Noodle_Way)/02.jpg]
[wixmp-19e700b7666f74a00729a0dd.wixmp.com/Instagram/Asian_Restaurant_(The_Noodle_Way)/03.jpg]
[wixmp-19e700b7666f74a00729a0dd.wixmp.com/Instagram/Asian_Restaurant_(The_Noodle_Way)/04.jpg]
[wixmp-19e700b7666f74a00729a0dd.wixmp.com/Instagram/Asian_Restaurant_(The_Noodle_Way)/05.jpg]
[static.parastorage.com/services/wix-thunderbolt/dist/8875.d06b9c87.bundle.min.js]
[leihui2008.wixsite.com/index.html]
[browser.sentry-cdn.com/6.18.2/bundle.min.js]
[leihui2008.wixsite.com/sitemap.13.delayed]
[leihui2008.wixsite.com/feed.14.delayed]
[static.parastorage.com/services/wix-thunderbolt/dist/thunderbolt-commons.786f21c8.bundle.min.js]
[static.parastorage.com/services/wix-thunderbolt/dist/main.67f17b57.bundle.min.js]
[static.parastorage.com/services/wix-thunderbolt/dist/main.renderer.1d21f023.bundle.min.js]
[static.parastorage.com/unpkg/lodash@4.17.21/lodash.min.js]
[static.parastorage.com/unpkg/react@18.3.1/umd/react.production.min.js]
[static.parastorage.com/unpkg/react-dom@18.3.1/umd/react-dom.production.min.js]
[static.parastorage.com/services/wix-thunderbolt/dist/browser-deprecation.bundle.es5.js]
[leihui2008.wixsite.com/decodeURIComponent(e.1c.delayed]
[static.parastorage.com/services/tag-manager-client/1.920.0/siteTags.bundle.min.js]
[leihui2008.wixsite.com/tasteflow.html]
[static.wixstatic.com/media/a3c153_2a6de96c3b09433b9398306603a20e1a_mv2.jpg/v1/fill/w_70,h_50,al_c,q_80,usm_0.66_1.00_0.01,blur_2,enc_avif,quality_auto/a3c153_2a6de96c3b09433b9398306603a20e1a_mv2.jpg]
[static.wixstatic.com/media/11062b_ce2fd8513fae421187d7425625c8bcf9_mv2.jpg/v1/fill/w_70,h_105,al_c,q_80,usm_0.66_1.00_0.01,blur_2,enc_avif,quality_auto/11062b_ce2fd8513fae421187d7425625c8bcf9_mv2.jpg]
[static.wixstatic.com/media/a3c153_3592f141741849e8b2cb99afa8e3a412_mv2.jpg/v1/fill/w_91,h_65,al_c,q_80,usm_0.66_1.00_0.01,blur_2,enc_avif,quality_auto/a3c153_3592f141741849e8b2cb99afa8e3a412_mv2.jpg]
[leihui2008.wixsite.com/tasteflow/robots.21.delayed]
[leihui2008.wixsite.com/tasteflow/sitemap.22.delayed]
[leihui2008.wixsite.com/tasteflow/feed.23.delayed]
[leihui2008.wixsite.com/tasteflow/decodeURIComponent(e.24.delayed]
[leihui2008.wixsite.com/tasteflow/about-us.html]
[static.wixstatic.com/media/11062b_9975aafd8ed24c49a81dc5bd100b1520_mv2.jpg/v1/fill/w_147,h_128,al_c,q_80,usm_0.66_1.00_0.01,blur_2,enc_avif,quality_auto/11062b_9975aafd8ed24c49a81dc5bd100b1520_mv2.jpg]
[leihui2008.wixsite.com/tasteflow/menu.html]
[leihui2008.wixsite.com/tasteflow/customer-support.html]
[static.wixstatic.com/media/a3c153_9c9038c351464e16b6d218fc5931fe94_mv2.png/v1/fill/w_72,h_82,al_c,q_85,usm_0.66_1.00_0.01,blur_2,enc_avif,quality_auto/pierre-chatel-innocenti-Lk-nu_hX6ms-unsplash 2.png]
[static.wixstatic.com/media/a3c153_e8a041f227f74750817a3c7a63360542_mv2.png/v1/fill/w_72,h_82,al_c,q_85,usm_0.66_1.00_0.01,blur_2,enc_avif,quality_auto/hugo-l-casanova-UTLQ3icUT7g-unsplash_edited.png]
[static.wixstatic.com/media/a3c153_151c591eca5d4f00ba4939ad2b83458c_mv2.jpg/v1/crop/x_0,y_713,w_4000,h_4573/fill/w_72,h_82,al_c,q_80,usm_0.66_1.00_0.01,blur_2,e/pierre-chatel-innocenti-muMR2IhCbZ0-unsplash.jpg]
[static.wixstatic.com/media/a3c153_bc49e48a99bb47f09010861edb8c15ef_mv2.png/v1/fill/w_72,h_82,al_c,q_85,usm_0.66_1.00_0.01,blur_2,enc_avif,quality_auto/alex-mNJ7c7-XCZQ-unsplash.png]
[leihui2008.wixsite.com/tasteflow/news-blog.html]
[static.wixstatic.com/media/a3c153_3592f141741849e8b2cb99afa8e3a412_mv2.jpg/v1/fill/w_96,h_69,al_c,q_80,usm_0.66_1.00_0.01,blur_2,enc_avif,quality_auto/a3c153_3592f141741849e8b2cb99afa8e3a412_mv2.jpg]
[leihui2008.wixsite.com/tasteflow/careers.html]
[leihui2008.wixsite.com/index.html]
[leihui2008.wixsite.com/sitemap.html]
[leihui2008.wixsite.com/feed.html]
[leihui2008.wixsite.com/decodeURIComponent(e.html]
[leihui2008.wixsite.com/tasteflow/robots.html]
[leihui2008.wixsite.com/tasteflow/sitemap.html]
[leihui2008.wixsite.com/tasteflow/feed.html]
[leihui2008.wixsite.com/tasteflow/decodeURIComponent(e.html]
